let rec len = fun xs -> match xs with | ([] as _'1) -> 0
                                      | (x::xs' as _'4) -> let _'2 = 1  in let _'3 = (len (xs'))  in (+ (_'2) (_'3))
                                       

let
test =
  fun xs ->
    let _'12 = (len (xs))  in let _'11 = (= (_'12) (15))  in assert _'11 ;
    match xs with | ([] as _'5) -> ()
                  | (x::xs as _'10) -> match xs with | ([] as _'6) -> ()
                                                     | (y::_'8 as _'9) -> let _'7 = (> (y) (x))  in assert _'7
                                                     
                   

(Pruned background env)
::_0 ::
(x_114:'a_107P) ->
(x_115:«list_9» t_108. [] + ::(e0_110:'a_107P , e1_109: t_108)) -> {«list_9» t_108. [] + ::(e0_110:'a_107P , e1_109: t_108) | (V_282 = (::_0 x_114 x_115))}
_meas_len_145 :: (x_154:«list_9» t_150. [] + ::(e0_152:'a_149P , e1_151: t_150)) -> {int_1 | (V_283 = (len_145 x_154))}
===
(Pruned background env)
test_83 ::
(a_138:{«list_9» t_140.  + (e0_144:{'a_143P | true} , e1_142:{«‹› ,‹(V_285 > e0_144) ,true›» t_140 | (1 = 1)}) | ((len_145 V_288) = 15)}) ->
{unit_6. () | true}
===
##solve postests/recmlq.ml##

unsplit constraints: 61 total 33 wf 28 sub

122 instantiation queries 28 misses
1776 qualifiers generated
k_299: ((len_145 AA_0) = (1 + (len_145 xs_76))) ((len_145 AA_0) = 0) 
((len_145 AA_0) = 15) (0 <= AA_0) (1 = 0) (1 = 1) (AA_0 != 0) (AA_0 >= 0) 
((len_145 AA_0) = 15) (AA_0 = (len_145 xs_76))
k_300: ((len_145 AA_0) = 0) ((len_145 AA_0) = 15) (0 <= AA_0) (1 = 0) (1 = 1) (AA_0 != 0) (AA_0 >= 0) ((len_145 AA_0) = 15)
k_301: ((len_145 AA_0) = 0) ((len_145 AA_0) = 15) (0 <= AA_0) (1 = 0) 
(1 = 1) (AA_0 != 0) (AA_0 > e0_310) (AA_0 >= 0) (AA_0 > e0_310) ((len_145 AA_0) = 15) 
(AA_0 = (len_145 e0_310))
k_302: ((len_145 AA_0) = 0) ((len_145 AA_0) = 15) (0 <= AA_0) (1 = 0) 
(1 = 1) (AA_0 != 0) (AA_0 > e0_310) (AA_0 >= 0) (AA_0 > e0_310) ((len_145 AA_0) = 15) 
(AA_0 = (len_145 e0_310))
k_303: ((len_145 AA_0) = 0) ((len_145 AA_0) = 15) (0 <= AA_0) (1 = 0) (1 = 1) (AA_0 != 0) (AA_0 >= 0) ((len_145 AA_0) = 15)
k_425: ((len_145 AA_0) = (1 + (len_145 xs_76))) ((len_145 AA_0) = 0) 
((len_145 AA_0) = 15) (0 <= AA_0) (1 = 0) (1 = 1) (AA_0 != 0) (AA_0 >= 0) 
((len_145 AA_0) = 15) (AA_0 = (len_145 xs_76))
k_426: ((len_145 AA_0) = 0) ((len_145 AA_0) = 15) (0 <= AA_0) (1 = 0) (1 = 1) (AA_0 != 0) (AA_0 >= 0) ((len_145 AA_0) = 15)
k_427: ((len_145 AA_0) = 0) ((len_145 AA_0) = 15) (0 <= AA_0) (1 = 0) 
(1 = 1) (AA_0 != 0) (AA_0 > e0_423) (AA_0 >= 0) (AA_0 > e0_423) ((len_145 AA_0) = 15) 
(AA_0 = (len_145 e0_423))
k_428: ((len_145 AA_0) = 0) ((len_145 AA_0) = 15) (0 <= AA_0) (1 = 0) 
(1 = 1) (AA_0 != 0) (AA_0 > e0_423) (AA_0 >= 0) (AA_0 > e0_423) ((len_145 AA_0) = 15) 
(AA_0 = (len_145 e0_423))
k_429: ((len_145 AA_0) = 0) ((len_145 AA_0) = 15) (0 <= AA_0) (1 = 0) (1 = 1) (AA_0 != 0) (AA_0 >= 0) ((len_145 AA_0) = 15)
k_431: ((len_145 AA_0) = (1 + (len_145 xs_76))) ((len_145 AA_0) = 0) 
((len_145 AA_0) = 15) (0 <= AA_0) (1 = 0) (1 = 1) (AA_0 != 0) (AA_0 >= 0) 
((len_145 AA_0) = 15) (AA_0 = (len_145 xs_76))
k_437: 
k_438: 
k_439: 
k_440: 
k_484: ((? (AA_0)) iff (-. (? (x_78)))) ((len_145 AA_0) = (1 + (len_145 xs_76))) 
((len_145 AA_0) = 0) ((len_145 AA_0) = 15) ((x_78 >= 0) -> (AA_0 >= 0)) 
(0 <= AA_0) (1 = 0) (1 = 1) (AA_0 != 0) (AA_0 = (len_145 x_78)) (AA_0 = (x_78 + 1)) 
(AA_0 = (x_78 - 1)) (AA_0 >= 0) ((len_145 AA_0) = 15) (AA_0 = (len_145 __measure_guard_475)) 
(AA_0 = (len_145 xs'_79)) (AA_0 = (len_145 x_78)) (AA_0 = (len_145 xs_76))
k_495: 
k_496: ((? (AA_0)) iff (-. (? (x_78)))) ((len_145 AA_0) = (1 + (len_145 xs_76))) 
((len_145 AA_0) = 0) ((len_145 AA_0) = 15) ((x_78 >= 0) -> (AA_0 >= 0)) 
(0 <= AA_0) (1 = 0) (1 = 1) (AA_0 != 0) (AA_0 = (len_145 x_78)) (AA_0 = (x_78 + 1)) 
(AA_0 = (x_78 - 1)) (AA_0 >= 0) ((len_145 AA_0) = 15) (AA_0 = (len_145 __measure_guard_475)) 
(AA_0 = (len_145 xs'_79)) (AA_0 = (len_145 x_78)) (AA_0 = (len_145 xs_76))
k_497: 
k_498: 
k_499: 
k_505: 
k_506: 
k_507: 
k_508: 
k_519: 
k_520: 
k_521: 
k_523: 
k_527: 
k_538: ((len_145 AA_0) = (1 + (len_145 xs_84))) ((len_145 AA_0) = 0) 
((len_145 AA_0) = 15) (0 <= AA_0) (1 = 0) (1 = 1) (AA_0 != 0) (AA_0 >= 0) 
((len_145 AA_0) = 15) (AA_0 = (len_145 xs_84))
k_539: ((len_145 AA_0) = 0) ((len_145 AA_0) = 15) (0 <= AA_0) (1 = 0) (1 = 1) (AA_0 != 0) (AA_0 >= 0) ((len_145 AA_0) = 15)
k_540: ((len_145 AA_0) = 0) ((len_145 AA_0) = 15) (0 <= AA_0) (1 = 0) 
(1 = 1) (AA_0 != 0) (AA_0 > e0_536) (AA_0 >= 0) (AA_0 > e0_536) ((len_145 AA_0) = 15) 
(AA_0 = (len_145 e0_536))
k_541: ((len_145 AA_0) = 0) ((len_145 AA_0) = 15) (0 <= AA_0) (1 = 0) 
(1 = 1) (AA_0 != 0) (AA_0 > e0_536) (AA_0 >= 0) (AA_0 > e0_536) ((len_145 AA_0) = 15) 
(AA_0 = (len_145 e0_536))
k_542: ((len_145 AA_0) = 0) ((len_145 AA_0) = 15) (0 <= AA_0) (1 = 0) (1 = 1) (AA_0 != 0) (AA_0 >= 0) ((len_145 AA_0) = 15)
k_544: ((len_145 AA_0) = (1 + (len_145 xs_84))) ((len_145 AA_0) = 0) 
((len_145 AA_0) = 15) (0 <= AA_0) (1 = 0) (1 = 1) (AA_0 != 0) (AA_0 >= 0) 
((len_145 AA_0) = 15) (AA_0 = (len_145 xs_84))
k_557: 
k_558: ((len_145 AA_0) = (1 + (len_145 xs_84))) ((len_145 AA_0) = 0) 
((len_145 AA_0) = 15) (0 <= AA_0) (1 = 0) (1 = 1) (AA_0 != 0) (AA_0 >= 0) 
((len_145 AA_0) = 15) (AA_0 = (len_145 xs_84))
k_559: 
k_560: 
k_561: 
k_567: 
k_568: 
k_569: 
k_570: 
k_575: ((len_145 AA_0) = (1 + (len_145 xs_84))) ((len_145 AA_0) = 0) 
((len_145 AA_0) = 15) (0 <= AA_0) (1 = 0) (1 = 1) (AA_0 != 0) (AA_0 >= 0) 
((len_145 AA_0) = 15) (AA_0 = (len_145 xs_84))
k_584: 
k_585: 
k_586: ((len_145 AA_0) = (1 + (len_145 xs_84))) ((len_145 AA_0) = 0) 
((len_145 AA_0) = 15) (0 <= AA_0) (1 = 0) (1 = 1) (AA_0 != 0) (AA_0 >= 0) 
((len_145 AA_0) = 15) (AA_0 = (len_145 xs_84))
k_588: 
k_598: ((len_145 AA_0) = (1 + (len_145 xs_84))) ((len_145 AA_0) = 0) 
((len_145 AA_0) = 15) (0 <= AA_0) (1 = 0) (1 = 1) (AA_0 != 0) (AA_0 >= 0) 
((len_145 AA_0) = 15) (AA_0 = (len_145 test_predicate_603)) (AA_0 = (len_145 xs_84))
k_600: 
k_608: ((len_145 AA_0) = (1 + (len_145 xs_84))) ((len_145 AA_0) = 0) 
((len_145 AA_0) = 15) (0 <= AA_0) (1 = 0) (1 = 1) (AA_0 != 0) (AA_0 >= 0) 
((len_145 AA_0) = 15) (AA_0 = (len_145 seq_606)) (AA_0 = (len_145 xs_84))
k_614: 
k_615: 
k_616: 
k_617: 
k_632: ((len_145 AA_0) = (1 + (len_145 xs_84))) ((len_145 AA_0) = 0) 
((len_145 AA_0) = 15) (0 <= AA_0) (1 = 0) (1 = 1) (AA_0 != 0) (AA_0 >= 0) 
((len_145 AA_0) = 15) (AA_0 = (len_145 __measure_guard_630)) (AA_0 = (len_145 seq_606)) 
(AA_0 = (len_145 xs_84))
k_655: ((? (AA_0)) iff (-. (? (x_88)))) ((len_145 AA_0) = (1 + (len_145 xs_89))) 
((len_145 AA_0) = (1 + (len_145 xs_84))) ((len_145 AA_0) = 0) ((len_145 AA_0) = 15) 
((x_88 >= 0) -> (AA_0 >= 0)) (0 <= AA_0) (1 = 0) (1 = 1) (AA_0 != 0) 
(AA_0 = (len_145 x_88)) (AA_0 = (x_88 + 1)) (AA_0 = (x_88 - 1)) (AA_0 >= 0) 
((len_145 AA_0) = 15) (AA_0 = (len_145 __measure_guard_653)) (AA_0 = (len_145 seq_606)) 
(AA_0 = (len_145 xs_89)) (AA_0 = (len_145 x_88)) (AA_0 = (len_145 xs_84))
k_661: 
k_662: 
k_663: 
k_664: 
k_679: ((? (AA_0)) iff (-. (? (x_88)))) ((len_145 AA_0) = (1 + (len_145 xs_89))) 
((len_145 AA_0) = (1 + (len_145 xs_84))) ((len_145 AA_0) = 0) ((len_145 AA_0) = 15) 
((x_88 >= 0) -> (AA_0 >= 0)) (0 <= AA_0) (1 = 0) (1 = 1) (AA_0 != 0) 
(AA_0 = (len_145 x_88)) (AA_0 = (x_88 + 1)) (AA_0 = (x_88 - 1)) (AA_0 >= 0) 
((len_145 AA_0) = 15) (AA_0 = (len_145 __measure_guard_677)) (AA_0 = (len_145 __measure_guard_653)) 
(AA_0 = (len_145 seq_606)) (AA_0 = (len_145 xs_89)) (AA_0 = (len_145 x_88)) 
(AA_0 = (len_145 xs_84))
k_702: (((x_88 >= 0) and  (y_92 >= 0)) -> ((AA_0 >= 0) and  ((AA_0 <= x_88) and  (AA_0 <= y_92)))) 
(((x_88 >= 0) and  (y_92 >= 0)) -> (AA_0 >= 0)) ((? (AA_0)) iff ((? (x_88)) and  (? (y_92)))) 
((? (AA_0)) iff ((? (x_88)) or  (? (y_92)))) ((? (AA_0)) iff (-. (? (x_88)))) 
((? (AA_0)) iff (x_88 != y_92)) ((? (AA_0)) iff (x_88 < y_92)) ((? (AA_0)) iff (x_88 <= y_92)) 
((? (AA_0)) iff (x_88 = y_92)) ((? (AA_0)) iff (x_88 > y_92)) ((? (AA_0)) iff (x_88 >= y_92)) 
((len_145 AA_0) = (1 + (len_145 xs_89))) ((len_145 AA_0) = (1 + (len_145 xs_84))) 
((len_145 AA_0) = 0) ((len_145 AA_0) = 15) ((x_88 >= 0) -> (AA_0 >= 0)) 
((y_92 > 0) -> (AA_0 < y_92)) (0 <= AA_0) (1 = 0) (1 = 1) (AA_0 != 0) 
(AA_0 = (len_145 x_88)) (AA_0 = (len_145 y_92)) (AA_0 = (x_88 * y_92)) 
(AA_0 = (x_88 + 1)) (AA_0 = (x_88 + y_92)) (AA_0 = (x_88 - (y_92 * (x_88 / y_92)))) 
(AA_0 = (x_88 - 1)) (AA_0 = (x_88 - y_92)) (AA_0 = (x_88 / y_92)) (AA_0 >= 0) 
((len_145 AA_0) = 15) (AA_0 = (len_145 __measure_guard_700)) (AA_0 = (len_145 __measure_guard_653)) 
(AA_0 = (len_145 seq_606)) (AA_0 = (len_145 y_92)) (AA_0 = (len_145 xs_89)) 
(AA_0 = (len_145 x_88)) (AA_0 = (len_145 xs_84))
k_712: 
k_713: 
k_714: (((x_88 >= 0) and  (y_92 >= 0)) -> ((AA_0 >= 0) and  ((AA_0 <= x_88) and  (AA_0 <= y_92)))) 
(((x_88 >= 0) and  (y_92 >= 0)) -> (AA_0 >= 0)) ((? (AA_0)) iff ((? (x_88)) and  (? (y_92)))) 
((? (AA_0)) iff ((? (x_88)) or  (? (y_92)))) ((? (AA_0)) iff (-. (? (x_88)))) 
((? (AA_0)) iff (x_88 != y_92)) ((? (AA_0)) iff (x_88 < y_92)) ((? (AA_0)) iff (x_88 <= y_92)) 
((? (AA_0)) iff (x_88 = y_92)) ((? (AA_0)) iff (x_88 > y_92)) ((? (AA_0)) iff (x_88 >= y_92)) 
((len_145 AA_0) = (1 + (len_145 xs_89))) ((len_145 AA_0) = (1 + (len_145 xs_84))) 
((len_145 AA_0) = 0) ((len_145 AA_0) = 15) ((x_88 >= 0) -> (AA_0 >= 0)) 
((y_92 > 0) -> (AA_0 < y_92)) (0 <= AA_0) (1 = 0) (1 = 1) (AA_0 != 0) 
(AA_0 = (len_145 x_88)) (AA_0 = (len_145 y_92)) (AA_0 = (x_88 * y_92)) 
(AA_0 = (x_88 + 1)) (AA_0 = (x_88 + y_92)) (AA_0 = (x_88 - (y_92 * (x_88 / y_92)))) 
(AA_0 = (x_88 - 1)) (AA_0 = (x_88 - y_92)) (AA_0 = (x_88 / y_92)) (AA_0 >= 0) 
((len_145 AA_0) = 15) (AA_0 = (len_145 __measure_guard_700)) (AA_0 = (len_145 __measure_guard_653)) 
(AA_0 = (len_145 seq_606)) (AA_0 = (len_145 y_92)) (AA_0 = (len_145 xs_89)) 
(AA_0 = (len_145 x_88)) (AA_0 = (len_145 xs_84))
k_717: 
k_722: 
k_727: (((x_88 >= 0) and  (y_92 >= 0)) -> ((AA_0 >= 0) and  ((AA_0 <= x_88) and  (AA_0 <= y_92)))) 
(((x_88 >= 0) and  (y_92 >= 0)) -> (AA_0 >= 0)) ((? (AA_0)) iff ((? (x_88)) and  (? (y_92)))) 
((? (AA_0)) iff ((? (x_88)) or  (? (y_92)))) ((? (AA_0)) iff (-. (? (x_88)))) 
((? (AA_0)) iff (x_88 != y_92)) ((? (AA_0)) iff (x_88 < y_92)) ((? (AA_0)) iff (x_88 <= y_92)) 
((? (AA_0)) iff (x_88 = y_92)) ((? (AA_0)) iff (x_88 > y_92)) ((? (AA_0)) iff (x_88 >= y_92)) 
((len_145 AA_0) = (1 + (len_145 xs_89))) ((len_145 AA_0) = (1 + (len_145 xs_84))) 
((len_145 AA_0) = 0) ((len_145 AA_0) = 15) ((x_88 >= 0) -> (AA_0 >= 0)) 
((y_92 > 0) -> (AA_0 < y_92)) (0 <= AA_0) (1 = 0) (1 = 1) (AA_0 != 0) 
(AA_0 = (len_145 x_88)) (AA_0 = (len_145 y_92)) (AA_0 = (x_88 * y_92)) 
(AA_0 = (x_88 + 1)) (AA_0 = (x_88 + y_92)) (AA_0 = (x_88 - (y_92 * (x_88 / y_92)))) 
(AA_0 = (x_88 - 1)) (AA_0 = (x_88 - y_92)) (AA_0 = (x_88 / y_92)) (AA_0 >= 0) 
((len_145 AA_0) = 15) (AA_0 = (len_145 test_predicate_732)) (AA_0 = (len_145 __measure_guard_700)) 
(AA_0 = (len_145 __measure_guard_653)) (AA_0 = (len_145 seq_606)) (AA_0 = (len_145 y_92)) 
(AA_0 = (len_145 xs_89)) (AA_0 = (len_145 x_88)) (AA_0 = (len_145 xs_84))
k_729: 
72 variables

74 split wf constraints

48 split subtyping constraints

12 simple subtyping constraints

7 simple2 subtyping constraints

Quals:
	Total: 423
	Avg: 5.875000
	Max: 40
	Min: 0

AFTER WF
Quals:
	Total: 105
	Avg: 1.458333
	Max: 7
	Min: 0

k_299: (0 <= AA_0) (1 = 0) (1 = 1) (AA_0 != 0) (AA_0 >= 0) (AA_0 = (len_145 xs_76))
k_300: (1 = 0) (1 = 1)
k_301: ((len_145 AA_0) = 0) ((len_145 AA_0) = 15) (1 = 0) (1 = 1) ((len_145 AA_0) = 15)
k_302: (1 = 0) (1 = 1) (AA_0 > e0_310) (AA_0 > e0_310)
k_303: ((len_145 AA_0) = 0) ((len_145 AA_0) = 15) (1 = 0) (1 = 1) ((len_145 AA_0) = 15)
k_425: (0 <= AA_0) (1 = 0) (1 = 1) (AA_0 != 0) (AA_0 >= 0) (AA_0 = (len_145 xs_76))
k_426: (1 = 0) (1 = 1)
k_427: ((len_145 AA_0) = 0) ((len_145 AA_0) = 15) (1 = 0) (1 = 1) ((len_145 AA_0) = 15)
k_428: (1 = 0) (1 = 1) (AA_0 > e0_423) (AA_0 > e0_423)
k_429: ((len_145 AA_0) = 0) ((len_145 AA_0) = 15) (1 = 0) (1 = 1) ((len_145 AA_0) = 15)
k_431: (0 <= AA_0) (1 = 0) (1 = 1) (AA_0 != 0) (AA_0 >= 0) (AA_0 = (len_145 xs_76))
k_437: 
k_438: 
k_439: 
k_440: 
k_484: (0 <= AA_0) (1 = 0) (1 = 1) (AA_0 != 0) (AA_0 >= 0) (AA_0 = (len_145 xs'_79)) (AA_0 = (len_145 xs_76))
k_495: 
k_496: (1 = 0) (1 = 1)
k_497: 
k_498: 
k_499: 
k_505: 
k_506: 
k_507: 
k_508: 
k_519: 
k_520: 
k_521: 
k_523: 
k_527: 
k_538: (1 = 0) (1 = 1)
k_539: (1 = 0) (1 = 1)
k_540: ((len_145 AA_0) = 0) ((len_145 AA_0) = 15) (1 = 0) (1 = 1) ((len_145 AA_0) = 15)
k_541: (1 = 0) (1 = 1) (AA_0 > e0_536) (AA_0 > e0_536)
k_542: ((len_145 AA_0) = 0) ((len_145 AA_0) = 15) (1 = 0) (1 = 1) ((len_145 AA_0) = 15)
k_544: (1 = 0) (1 = 1)
k_557: 
k_558: (1 = 0) (1 = 1)
k_559: 
k_560: 
k_561: 
k_567: 
k_568: 
k_569: 
k_570: 
k_575: (1 = 0) (1 = 1)
k_584: 
k_585: 
k_586: (0 <= AA_0) (1 = 0) (1 = 1) (AA_0 != 0) (AA_0 >= 0) (AA_0 = (len_145 xs_84))
k_588: 
k_598: (1 = 0) (1 = 1)
k_600: 
k_608: (1 = 0) (1 = 1)
k_614: 
k_615: 
k_616: 
k_617: 
k_632: (1 = 0) (1 = 1)
k_655: (1 = 0) (1 = 1)
k_661: 
k_662: 
k_663: 
k_664: 
k_679: (1 = 0) (1 = 1)
k_702: (1 = 0) (1 = 1)
k_712: 
k_713: 
k_714: (1 = 0) (1 = 1)
k_717: 
k_722: 
k_727: (1 = 0) (1 = 1)
k_729: 
varmatch_ctr = 0 
solution: k_299 := [(AA_0 = _meas_len_145([xs_76]));(AA_0 >= 0);(AA_0 != 0);(1 = 1);(1 = 0);(0 <= AA_0)] 
solution: 
k_300 := [(1 = 1);(1 = 0)] 
solution: k_301 := [(_meas_len_145([AA_0]) = 15);(1 = 1);(1 = 0);(_meas_len_145([AA_0]) = 15);(_meas_len_145([AA_0]) = 0)] 
solution: 
k_302 := [(AA_0 > e0_310);(AA_0 > e0_310);(1 = 1);(1 = 0)] 
solution: 
k_303 := [(_meas_len_145([AA_0]) = 15);(1 = 1);(1 = 0);(_meas_len_145([AA_0]) = 15);(_meas_len_145([AA_0]) = 0)] 
solution: 
k_425 := [(AA_0 = _meas_len_145([xs_76]));(AA_0 >= 0);(AA_0 != 0);(1 = 1);(1 = 0);(0 <= AA_0)] 
solution: 
k_426 := [(1 = 1);(1 = 0)] 
solution: k_427 := [(_meas_len_145([AA_0]) = 15);(1 = 1);(1 = 0);(_meas_len_145([AA_0]) = 15);(_meas_len_145([AA_0]) = 0)] 
solution: 
k_428 := [(AA_0 > e0_423);(AA_0 > e0_423);(1 = 1);(1 = 0)] 
solution: 
k_429 := [(_meas_len_145([AA_0]) = 15);(1 = 1);(1 = 0);(_meas_len_145([AA_0]) = 15);(_meas_len_145([AA_0]) = 0)] 
solution: 
k_431 := [(AA_0 = _meas_len_145([xs_76]));(AA_0 >= 0);(AA_0 != 0);(1 = 1);(1 = 0);(0 <= AA_0)] 
solution: 
k_437 := [] 
solution: k_438 := [] 
solution: k_439 := [] 
solution: 
k_440 := [] 
solution: k_484 := [(AA_0 = _meas_len_145([xs_76]));(AA_0 = _meas_len_145([xs'_79]));(AA_0 >= 0);(AA_0 != 0);(1 = 1);(1 = 0);(0 <= AA_0)] 
solution: 
k_495 := [] 
solution: k_496 := [(1 = 1);(1 = 0)] 
solution: k_497 := [] 
solution: 
k_498 := [] 
solution: k_499 := [] 
solution: k_505 := [] 
solution: 
k_506 := [] 
solution: k_507 := [] 
solution: k_508 := [] 
solution: 
k_519 := [] 
solution: k_520 := [] 
solution: k_521 := [] 
solution: 
k_523 := [] 
solution: k_527 := [] 
solution: k_538 := [(1 = 1);(1 = 0)] 
solution: 
k_539 := [(1 = 1);(1 = 0)] 
solution: k_540 := [(_meas_len_145([AA_0]) = 15);(1 = 1);(1 = 0);(_meas_len_145([AA_0]) = 15);(_meas_len_145([AA_0]) = 0)] 
solution: 
k_541 := [(AA_0 > e0_536);(AA_0 > e0_536);(1 = 1);(1 = 0)] 
solution: 
k_542 := [(_meas_len_145([AA_0]) = 15);(1 = 1);(1 = 0);(_meas_len_145([AA_0]) = 15);(_meas_len_145([AA_0]) = 0)] 
solution: 
k_544 := [(1 = 1);(1 = 0)] 
solution: k_557 := [] 
solution: k_558 := [(1 = 1);(1 = 0)] 
solution: 
k_559 := [] 
solution: k_560 := [] 
solution: k_561 := [] 
solution: 
k_567 := [] 
solution: k_568 := [] 
solution: k_569 := [] 
solution: 
k_570 := [] 
solution: k_575 := [(1 = 1);(1 = 0)] 
solution: k_584 := [] 
solution: 
k_585 := [] 
solution: k_586 := [(AA_0 = _meas_len_145([xs_84]));(AA_0 >= 0);(AA_0 != 0);(1 = 1);(1 = 0);(0 <= AA_0)] 
solution: 
k_588 := [] 
solution: k_598 := [(1 = 1);(1 = 0)] 
solution: k_600 := [] 
solution: 
k_608 := [(1 = 1);(1 = 0)] 
solution: k_614 := [] 
solution: k_615 := [] 
solution: 
k_616 := [] 
solution: k_617 := [] 
solution: k_632 := [(1 = 1);(1 = 0)] 
solution: 
k_655 := [(1 = 1);(1 = 0)] 
solution: k_661 := [] 
solution: k_662 := [] 
solution: 
k_663 := [] 
solution: k_664 := [] 
solution: k_679 := [(1 = 1);(1 = 0)] 
solution: 
k_702 := [(1 = 1);(1 = 0)] 
solution: k_712 := [] 
solution: k_713 := [] 
solution: 
k_714 := [(1 = 1);(1 = 0)] 
solution: k_717 := [] 
solution: k_722 := [] 
solution: 
k_727 := [(1 = 1);(1 = 0)] 
solution: k_729 := [] 
Pushing 48 at 1 
Pushing 47 at 1 
Pushing 46 at 1 
Pushing 45 at 1 
Pushing 44 at 1 
Pushing 43 at 1 
Pushing 42 at 1 
Pushing 41 at 1 
Pushing 40 at 1 
Pushing 39 at 1 
Pushing 38 at 1 
Pushing 37 at 1 
Pushing 36 at 1 
Pushing 35 at 1 
Pushing 34 at 1 
Pushing 33 at 1 
Pushing 32 at 1 
Pushing 31 at 1 
Pushing 30 at 1 
Pushing 29 at 1 
Pushing 28 at 1 
Pushing 27 at 1 
Pushing 26 at 1 
Pushing 25 at 1 
Pushing 24 at 1 
Pushing 23 at 1 
Pushing 22 at 1 
Pushing 21 at 1 
Pushing 20 at 1 
Pushing 19 at 1 
Pushing 18 at 1 
Pushing 17 at 1 
Pushing 16 at 1 
Pushing 15 at 1 
Pushing 14 at 1 
Pushing 13 at 1 
Pushing 12 at 1 
Pushing 11 at 1 
Pushing 10 at 1 
Pushing 9 at 1 
Pushing 8 at 1 
Pushing 7 at 1 
Pushing 6 at 1 
Pushing 5 at 1 
Pushing 4 at 1 
Pushing 3 at 1 
Pushing 2 at 1 
Pushing 1 at 1 
num refines =0 
Pushing 34 at 11 
Pushing 30 at 11 
Pushing 32 at 13 
Pushing 33 at 14 
Pushing 42 at 15 
Pushing 34 at 16 
Pushing 33 at 16 
Pushing 32 at 16 
Pushing 30 at 16 
Pushing 36 at 20 
Unsatisfied Constraints:
 constraint:
  env  [y_92:{AA_0 : int | []};
        y_213:{AA_0 : int | []};
        y_189:{AA_0 : int | []};
        y_157:{AA_0 : int | []};
        xs_89:{AA_0 : int | []};
        xs_84:{AA_0 : int | [true;k_542]};
        xs_76:{AA_0 : int | []};
        xs'_79:{AA_0 : int | []};
        x_88:{AA_0 : int | []};
        x_78:{AA_0 : int | []};
        x_212:{AA_0 : int | []};
        x_188:{AA_0 : int | []};
        x_156:{AA_0 : int | []};
        true_0:{AA_0 : bool | [(AA_0 = true_0)]};
        test_predicate_732:{AA_0 : bool | []};
        test_predicate_603:{AA_0 : bool | [(AA_0 = _'11_86)]};
        test_83:{AA_0 : func([int ; int]) | []};
        seq_606:{AA_0 : int | []};
        len_75:{AA_0 : func([int ; int]) | []};
        false_0:{AA_0 : bool | [(AA_0 = false_0)]};
        e0_798:{AA_0 : int | []};
        e0_772:{AA_0 : int | []};
        e0_752:{AA_0 : int | []};
        e0_738:{AA_0 : int | []};
        e0_536:{AA_0 : int | []};
        e0_423:{AA_0 : int | []};
        e0_310:{AA_0 : int | []};
        _meas_len_145:{AA_0 : func([int ; int]) | []};
        __tag_36:{AA_0 : func([int ; int]) | []};
        __measure_guard_700:{AA_0 : int | []};
        __measure_guard_677:{AA_0 : int | []};
        __measure_guard_653:{AA_0 : int | []};
        __measure_guard_630:{AA_0 : int | []};
        __measure_guard_475:{AA_0 : int | []};
        __measure_guard_453:{AA_0 : int | []};
        _'9_94:{AA_0 : int | []};
        _'8_93:{AA_0 : int | []};
        _'7_95:{AA_0 : bool | []};
        _'6_91:{AA_0 : int | []};
        _'5_87:{AA_0 : int | []};
        _'4_80:{AA_0 : int | []};
        _'3_82:{AA_0 : int | []};
        _'2_81:{AA_0 : int | []};
        _'1_77:{AA_0 : int | []};
        _'12_85:{AA_0 : int | [true;k_299[xs_76:=xs_84]]};
        _'11_86:{AA_0 : bool | [&& [(AA_0 -> (_'12_85 = 15));((_'12_85 = 15) -> AA_0)]]};
        _'10_90:{AA_0 : int | []};
        []_0:{AA_0 : int | [(AA_0 = []_0)]};
        Some_0:{AA_0 : func([int ; int]) | []};
        Pervasives_0.||:{AA_0 : func([bool ; bool ; bool]) | []};
        Pervasives_0.succ:{AA_0 : func([int ; int]) | []};
        Pervasives_0.pred:{AA_0 : func([int ; int]) | []};
        Pervasives_0.or:{AA_0 : func([bool ; bool ; bool]) | []};
        Pervasives_0.not:{AA_0 : func([bool ; bool]) | []};
        Pervasives_0.mod:{AA_0 : func([int ; int ; int]) | []};
        Pervasives_0.lsr:{AA_0 : func([int ; int ; int]) | []};
        Pervasives_0.land:{AA_0 : func([int ; int ; int]) | []};
        Pervasives_0.ignore:{AA_0 : func([int ; int]) | []};
        Pervasives_0.abs:{AA_0 : func([int ; int]) | []};
        Pervasives_0.>=:{AA_0 : func([int ; int ; bool]) | []};
        Pervasives_0.>:{AA_0 : func([int ; int ; bool]) | []};
        Pervasives_0.==:{AA_0 : func([int ; int ; bool]) | []};
        Pervasives_0.=:{AA_0 : func([int ; int ; bool]) | []};
        Pervasives_0.<>:{AA_0 : func([int ; int ; bool]) | []};
        Pervasives_0.<=:{AA_0 : func([int ; int ; bool]) | []};
        Pervasives_0.<:{AA_0 : func([int ; int ; bool]) | []};
        Pervasives_0./:{AA_0 : func([int ; int ; int]) | []};
        Pervasives_0.-:{AA_0 : func([int ; int ; int]) | []};
        Pervasives_0.+:{AA_0 : func([int ; int ; int]) | []};
        Pervasives_0.*:{AA_0 : func([int ; int ; int]) | []};
        Pervasives_0.&&:{AA_0 : func([bool ; bool ; bool]) | []};
        Pervasives_0.!=:{AA_0 : func([int ; int ; bool]) | []};
        Open_wronly_0:{AA_0 : int | [(AA_0 = Open_wronly_0)]};
        Open_trunc_0:{AA_0 : int | [(AA_0 = Open_trunc_0)]};
        Open_text_0:{AA_0 : int | [(AA_0 = Open_text_0)]};
        Open_rdonly_0:{AA_0 : int | [(AA_0 = Open_rdonly_0)]};
        Open_nonblock_0:{AA_0 : int | [(AA_0 = Open_nonblock_0)]};
        Open_excl_0:{AA_0 : int | [(AA_0 = Open_excl_0)]};
        Open_creat_0:{AA_0 : int | [(AA_0 = Open_creat_0)]};
        Open_binary_0:{AA_0 : int | [(AA_0 = Open_binary_0)]};
        Open_append_0:{AA_0 : int | [(AA_0 = Open_append_0)]};
        None_0:{AA_0 : int | [(AA_0 = None_0)]};
        FP_zero_0:{AA_0 : int | [(AA_0 = FP_zero_0)]};
        FP_subnormal_0:{AA_0 : int | [(AA_0 = FP_subnormal_0)]};
        FP_normal_0:{AA_0 : int | [(AA_0 = FP_normal_0)]};
        FP_nan_0:{AA_0 : int | [(AA_0 = FP_nan_0)]};
        FP_infinite_0:{AA_0 : int | [(AA_0 = FP_infinite_0)]};
        ::_0:{AA_0 : func([int ; int ; int]) | []};
        ()_0:{AA_0 : int | [(AA_0 = ()_0)]}] 
 grd true 
 lhs {AA_0 : int | [true]} 
 rhs {AA_0 : int | [test_predicate_603]} 


constraint:
  env  [y_92:{AA_0 : int | [true;k_539[e0_637:=x_88];k_541[e0_637:=x_88][e0_536:=e0_637]]};
        y_213:{AA_0 : int | []};
        y_189:{AA_0 : int | []};
        y_157:{AA_0 : int | []};
        xs_89:{AA_0 : int | [(AA_0 = ::_0([y_92 _'8_93]));k_540[e0_637:=x_88][e0_536:=e0_637]]};
        xs_84:{AA_0 : int | [(AA_0 = ::_0([x_88 xs_89]));k_542]};
        xs_76:{AA_0 : int | []};
        xs'_79:{AA_0 : int | []};
        x_88:{AA_0 : int | [true;k_539]};
        x_78:{AA_0 : int | []};
        x_212:{AA_0 : int | []};
        x_188:{AA_0 : int | []};
        x_156:{AA_0 : int | []};
        true_0:{AA_0 : bool | [(AA_0 = true_0)]};
        test_predicate_732:{AA_0 : bool | [(AA_0 = _'7_95)]};
        test_predicate_603:{AA_0 : bool | []};
        test_83:{AA_0 : func([int ; int]) | []};
        seq_606:{AA_0 : int | [true;k_575]};
        len_75:{AA_0 : func([int ; int]) | []};
        false_0:{AA_0 : bool | [(AA_0 = false_0)]};
        e0_798:{AA_0 : int | []};
        e0_772:{AA_0 : int | []};
        e0_752:{AA_0 : int | []};
        e0_738:{AA_0 : int | []};
        e0_637:{VV_int : int | []};
        e0_536:{AA_0 : int | []};
        e0_423:{AA_0 : int | []};
        e0_310:{AA_0 : int | []};
        _meas_len_145:{AA_0 : func([int ; int]) | []};
        __tag_36:{AA_0 : func([int ; int]) | []};
        __measure_guard_700:{AA_0 : int | [&& [(_meas_len_145([_'9_94]) = (1 + _meas_len_145([_'8_93])));(_meas_len_145([xs_89]) = (1 + _meas_len_145([_'8_93])))]]};
        __measure_guard_677:{AA_0 : int | []};
        __measure_guard_653:{AA_0 : int | [&& [(_meas_len_145([_'10_90]) = (1 + _meas_len_145([xs_89])));(_meas_len_145([xs_84]) = (1 + _meas_len_145([xs_89])))]]};
        __measure_guard_630:{AA_0 : int | []};
        __measure_guard_475:{AA_0 : int | []};
        __measure_guard_453:{AA_0 : int | []};
        _'9_94:{AA_0 : int | [&& [(AA_0 = xs_89);(AA_0 = ::_0([y_92 _'8_93]))]]};
        _'8_93:{AA_0 : int | [true;k_540[e0_684:=y_92][e0_536:=e0_684][e0_637:=x_88]]};
        _'7_95:{AA_0 : bool | [&& [(AA_0 -> (y_92 > x_88));((y_92 > x_88) -> AA_0)]]};
        _'6_91:{AA_0 : int | []};
        _'5_87:{AA_0 : int | []};
        _'4_80:{AA_0 : int | []};
        _'3_82:{AA_0 : int | []};
        _'2_81:{AA_0 : int | []};
        _'1_77:{AA_0 : int | []};
        _'12_85:{AA_0 : int | []};
        _'11_86:{AA_0 : bool | []};
        _'10_90:{AA_0 : int | [&& [(AA_0 = xs_84);(AA_0 = ::_0([x_88 xs_89]))]]};
        []_0:{AA_0 : int | [(AA_0 = []_0)]};
        Some_0:{AA_0 : func([int ; int]) | []};
        Pervasives_0.||:{AA_0 : func([bool ; bool ; bool]) | []};
        Pervasives_0.succ:{AA_0 : func([int ; int]) | []};
        Pervasives_0.pred:{AA_0 : func([int ; int]) | []};
        Pervasives_0.or:{AA_0 : func([bool ; bool ; bool]) | []};
        Pervasives_0.not:{AA_0 : func([bool ; bool]) | []};
        Pervasives_0.mod:{AA_0 : func([int ; int ; int]) | []};
        Pervasives_0.lsr:{AA_0 : func([int ; int ; int]) | []};
        Pervasives_0.land:{AA_0 : func([int ; int ; int]) | []};
        Pervasives_0.ignore:{AA_0 : func([int ; int]) | []};
        Pervasives_0.abs:{AA_0 : func([int ; int]) | []};
        Pervasives_0.>=:{AA_0 : func([int ; int ; bool]) | []};
        Pervasives_0.>:{AA_0 : func([int ; int ; bool]) | []};
        Pervasives_0.==:{AA_0 : func([int ; int ; bool]) | []};
        Pervasives_0.=:{AA_0 : func([int ; int ; bool]) | []};
        Pervasives_0.<>:{AA_0 : func([int ; int ; bool]) | []};
        Pervasives_0.<=:{AA_0 : func([int ; int ; bool]) | []};
        Pervasives_0.<:{AA_0 : func([int ; int ; bool]) | []};
        Pervasives_0./:{AA_0 : func([int ; int ; int]) | []};
        Pervasives_0.-:{AA_0 : func([int ; int ; int]) | []};
        Pervasives_0.+:{AA_0 : func([int ; int ; int]) | []};
        Pervasives_0.*:{AA_0 : func([int ; int ; int]) | []};
        Pervasives_0.&&:{AA_0 : func([bool ; bool ; bool]) | []};
        Pervasives_0.!=:{AA_0 : func([int ; int ; bool]) | []};
        Open_wronly_0:{AA_0 : int | [(AA_0 = Open_wronly_0)]};
        Open_trunc_0:{AA_0 : int | [(AA_0 = Open_trunc_0)]};
        Open_text_0:{AA_0 : int | [(AA_0 = Open_text_0)]};
        Open_rdonly_0:{AA_0 : int | [(AA_0 = Open_rdonly_0)]};
        Open_nonblock_0:{AA_0 : int | [(AA_0 = Open_nonblock_0)]};
        Open_excl_0:{AA_0 : int | [(AA_0 = Open_excl_0)]};
        Open_creat_0:{AA_0 : int | [(AA_0 = Open_creat_0)]};
        Open_binary_0:{AA_0 : int | [(AA_0 = Open_binary_0)]};
        Open_append_0:{AA_0 : int | [(AA_0 = Open_append_0)]};
        None_0:{AA_0 : int | [(AA_0 = None_0)]};
        FP_zero_0:{AA_0 : int | [(AA_0 = FP_zero_0)]};
        FP_subnormal_0:{AA_0 : int | [(AA_0 = FP_subnormal_0)]};
        FP_normal_0:{AA_0 : int | [(AA_0 = FP_normal_0)]};
        FP_nan_0:{AA_0 : int | [(AA_0 = FP_nan_0)]};
        FP_infinite_0:{AA_0 : int | [(AA_0 = FP_infinite_0)]};
        ::_0:{AA_0 : func([int ; int ; int]) | []};
        ()_0:{AA_0 : int | [(AA_0 = ()_0)]}] 
 grd true 
 lhs {AA_0 : int | [true]} 
 rhs {AA_0 : int | [test_predicate_732]} 
Refine Iterations: 74 total (= wf=74 + su=0) sub includes si=0 tp=0 unsatLHS=0)

Implication Queries: 0 match; 0 to TP (0 valid)

TP API stats: 0 pushes 0 queries cache 0 hits 0 misses
Prover  TP stats: implies(API): 0, Z3 {pushes: 0, pops: 0, unsats: 2}
Quals:
	Total: 48
	Avg: 0.666667
	Max: 5
	Min: 0

k_299: (AA_0 >= 0) (AA_0 = (len_145 xs_76)) (1 = 1) (0 <= AA_0)
k_300: (1 = 1)
k_301: (1 = 1)
k_302: (1 = 1)
k_303: (1 = 1)
k_425: (AA_0 >= 0) (AA_0 = (len_145 xs_76)) (1 = 1) (0 <= AA_0)
k_426: (1 = 1)
k_427: (1 = 1)
k_428: (1 = 1)
k_429: (1 = 1)
k_431: (1 = 1) (AA_0 >= 0) (AA_0 = (len_145 xs_76)) (0 <= AA_0)
k_437: 
k_438: 
k_439: 
k_440: 
k_484: (0 <= AA_0) (AA_0 = (len_145 xs_76)) (AA_0 != 0) (AA_0 >= 0) (1 = 1)
k_495: 
k_496: (1 = 1)
k_497: 
k_498: 
k_499: 
k_505: 
k_506: 
k_507: 
k_508: 
k_519: 
k_520: 
k_521: 
k_523: 
k_527: 
k_538: (1 = 1)
k_539: (1 = 1)
k_540: (1 = 1)
k_541: (1 = 1)
k_542: (1 = 1) ((len_145 AA_0) = 15)
k_544: (1 = 1)
k_557: 
k_558: (1 = 1)
k_559: 
k_560: 
k_561: 
k_567: 
k_568: 
k_569: 
k_570: 
k_575: (1 = 1)
k_584: 
k_585: 
k_586: (0 <= AA_0) (AA_0 = (len_145 xs_84)) (AA_0 != 0) (AA_0 >= 0) (1 = 1)
k_588: 
k_598: (1 = 1)
k_600: 
k_608: (1 = 1)
k_614: 
k_615: 
k_616: 
k_617: 
k_632: (1 = 1)
k_655: (1 = 1)
k_661: 
k_662: 
k_663: 
k_664: 
k_679: (1 = 1)
k_702: (1 = 1)
k_712: 
k_713: 
k_714: (1 = 1)
k_717: 
k_722: 
k_727: (1 = 1)
k_729: 
Ref_constraints still unsatisfied:
(2) Env:
xs_84 => (V_1011 = (::_0 x_88 xs_89))k_542,x_88 => k_539,xs_89 => (V_1012 = (::_0 y_92 _'8_93))k_540,
y_92 => k_539 k_541,seq_606 => k_575,__measure_guard_653 => (((len_145 _'10_90) = (1 + (len_145 xs_89))) and  ((len_145 xs_84) = (1 + (len_145 xs_89)))),
  __measure_guard_700 => (((len_145 _'9_94) = (1 + (len_145 _'8_93))) and  ((len_145 xs_89) = (1 + (len_145 _'8_93)))),
test_predicate_732 => (V_1015 = _'7_95),; Guard: true
|- ⊤ <: (? (test_predicate_732))
##time##

Time to solve constraints:
TOTAL                          0.032 s
  testing solution               0.016 s
    check_tp                       0.016 s
      TP filter                      0.000 s
        Z3 unsat                       0.000 s
      TP set                         0.016 s
        Z3 unsat                       0.000 s
  solving wfs                    0.004 s
    sol replace                    0.000 s
    filter wf                      0.004 s
      qual_wf                        0.004 s
        pred_well_typed                0.004 s
  make initial sol               0.000 s
    elements                       0.000 s
    sort and compact               0.000 s
    app_sol                        0.000 s
  making ref index               0.000 s
    make rank map                  0.000 s
      scc rank                       0.000 s
        making graph                   0.000 s
      step 2                         0.000 s
      step 1                         0.000 s
  instantiating quals            0.012 s
    instquals                      0.012 s
  splitting constraints           0.000 s
##endtime##
Errors encountered during type checking:


File "postests/recmlq.ml", line 13, characters 20-34:
Assertion may fail


dsolve 0.1: Copyright (c) 2008 The Regents of the University of California, all rights reserved

exec: ./liquid.opt -I theories -summarize /tmp/summary.scratch postests/recmlq.ml
exec: ./depsplit /tmp/qual.scratch /tmp/summary.scratch postests/recmlq.quals
exec: ./liquid.opt -dframes -I theories -v 10 -fix postests/recmlq.ml
